../Core/Src/main.c:299:6:transmitBuffer	24	static
../Core/Src/main.c:313:6:USBReceiveHandler	48	static
../Core/Src/main.c:358:5:main	8	static
../Core/Src/main.c:412:6:SystemClock_Config	88	static
../Core/Src/main.c:458:13:MX_CRC_Init	8	static
../Core/Src/main.c:484:13:MX_I2C1_Init	8	static
../Core/Src/main.c:518:13:MX_I2S3_Init	8	static
../Core/Src/main.c:552:13:MX_RNG_Init	8	static
../Core/Src/main.c:578:13:MX_SPI1_Init	8	static
../Core/Src/main.c:616:13:MX_GPIO_Init	56	static
../Core/Src/main.c:717:6:Error_Handler	4	static,ignoring_inline_asm
