../Core/Src/main.c:299:6:transmitBuffer	24	static
../Core/Src/main.c:313:6:USBReceiveHandler	56	static
../Core/Src/main.c:361:5:main	8	static
../Core/Src/main.c:415:6:SystemClock_Config	88	static
../Core/Src/main.c:461:13:MX_CRC_Init	8	static
../Core/Src/main.c:487:13:MX_I2C1_Init	8	static
../Core/Src/main.c:521:13:MX_I2S3_Init	8	static
../Core/Src/main.c:555:13:MX_RNG_Init	8	static
../Core/Src/main.c:581:13:MX_SPI1_Init	8	static
../Core/Src/main.c:619:13:MX_GPIO_Init	56	static
../Core/Src/main.c:720:6:Error_Handler	4	static,ignoring_inline_asm
